[0.115s] DEBUG:colcon:Command line arguments: ['/usr/bin/colcon', 'build', '--packages-select', 'fbot_manipulator']
[0.115s] DEBUG:colcon:Parsed command line arguments: Namespace(log_base=None, log_level=None, verb_name='build', build_base='build', install_base='install', merge_install=False, symlink_install=False, test_result_base=None, continue_on_error=False, executor='parallel', parallel_workers=20, event_handlers=None, ignore_user_meta=False, metas=['./colcon.meta'], base_paths=['.'], packages_ignore=None, packages_ignore_regex=None, paths=None, packages_up_to=None, packages_up_to_regex=None, packages_above=None, packages_above_and_dependencies=None, packages_above_depth=None, packages_select_by_dep=None, packages_skip_by_dep=None, packages_skip_up_to=None, packages_select_build_failed=False, packages_skip_build_finished=False, packages_select_test_failures=False, packages_skip_test_passed=False, packages_select=['fbot_manipulator'], packages_skip=None, packages_select_regex=None, packages_skip_regex=None, packages_start=None, packages_end=None, allow_overriding=[], cmake_args=None, cmake_target=None, cmake_target_skip_unavailable=False, cmake_clean_cache=False, cmake_clean_first=False, cmake_force_configure=False, ament_cmake_args=None, catkin_cmake_args=None, catkin_skip_building_tests=False, mixin_files=None, mixin=None, verb_parser=<colcon_mixin.mixin.mixin_argument.MixinArgumentDecorator object at 0x7de1491c4bb0>, verb_extension=<colcon_core.verb.build.BuildVerb object at 0x7de1492ce230>, main=<bound method BuildVerb.main of <colcon_core.verb.build.BuildVerb object at 0x7de1492ce230>>, mixin_verb=('build',))
[0.299s] Level 1:colcon.colcon_core.package_discovery:discover_packages(colcon_meta) check parameters
[0.299s] Level 1:colcon.colcon_core.package_discovery:discover_packages(recursive) check parameters
[0.299s] Level 1:colcon.colcon_core.package_discovery:discover_packages(ignore) check parameters
[0.299s] Level 1:colcon.colcon_core.package_discovery:discover_packages(path) check parameters
[0.299s] Level 1:colcon.colcon_core.package_discovery:discover_packages(colcon_meta) discover
[0.299s] Level 1:colcon.colcon_core.package_discovery:discover_packages(recursive) discover
[0.299s] INFO:colcon.colcon_core.package_discovery:Crawling recursively for packages in '/home/lilsm/arm_test_ws/src/fbot_manipulator'
[0.299s] Level 1:colcon.colcon_core.package_identification:_identify(.) by extensions ['ignore', 'ignore_ament_install']
[0.299s] Level 1:colcon.colcon_core.package_identification:_identify(.) by extension 'ignore'
[0.300s] Level 1:colcon.colcon_core.package_identification:_identify(.) by extension 'ignore_ament_install'
[0.300s] Level 1:colcon.colcon_core.package_identification:_identify(.) by extensions ['colcon_pkg']
[0.300s] Level 1:colcon.colcon_core.package_identification:_identify(.) by extension 'colcon_pkg'
[0.300s] Level 1:colcon.colcon_core.package_identification:_identify(.) by extensions ['colcon_meta']
[0.300s] Level 1:colcon.colcon_core.package_identification:_identify(.) by extension 'colcon_meta'
[0.300s] Level 1:colcon.colcon_core.package_identification:_identify(.) by extensions ['ros']
[0.300s] Level 1:colcon.colcon_core.package_identification:_identify(.) by extension 'ros'
[0.339s] Level 1:colcon.colcon_core.package_identification:_identify(.) by extensions ['cmake', 'python']
[0.339s] Level 1:colcon.colcon_core.package_identification:_identify(.) by extension 'cmake'
[0.339s] Level 1:colcon.colcon_core.package_identification:_identify(.) by extension 'python'
[0.339s] Level 1:colcon.colcon_core.package_identification:_identify(.) by extensions ['python_setup_py']
[0.339s] Level 1:colcon.colcon_core.package_identification:_identify(.) by extension 'python_setup_py'
[0.339s] Level 1:colcon.colcon_core.package_identification:_identify(build) by extensions ['ignore', 'ignore_ament_install']
[0.339s] Level 1:colcon.colcon_core.package_identification:_identify(build) by extension 'ignore'
[0.339s] Level 1:colcon.colcon_core.package_identification:_identify(build) ignored
[0.339s] Level 1:colcon.colcon_core.package_identification:_identify(fbot_manipulator) by extensions ['ignore', 'ignore_ament_install']
[0.339s] Level 1:colcon.colcon_core.package_identification:_identify(fbot_manipulator) by extension 'ignore'
[0.339s] Level 1:colcon.colcon_core.package_identification:_identify(fbot_manipulator) by extension 'ignore_ament_install'
[0.339s] Level 1:colcon.colcon_core.package_identification:_identify(fbot_manipulator) by extensions ['colcon_pkg']
[0.340s] Level 1:colcon.colcon_core.package_identification:_identify(fbot_manipulator) by extension 'colcon_pkg'
[0.340s] Level 1:colcon.colcon_core.package_identification:_identify(fbot_manipulator) by extensions ['colcon_meta']
[0.340s] Level 1:colcon.colcon_core.package_identification:_identify(fbot_manipulator) by extension 'colcon_meta'
[0.340s] Level 1:colcon.colcon_core.package_identification:_identify(fbot_manipulator) by extensions ['ros']
[0.340s] Level 1:colcon.colcon_core.package_identification:_identify(fbot_manipulator) by extension 'ros'
[0.343s] DEBUG:colcon.colcon_core.package_identification:Package 'fbot_manipulator' with type 'ros.ament_cmake' and name 'fbot_manipulator'
[0.343s] Level 1:colcon.colcon_core.package_identification:_identify(fbot_manipulator_msgs) by extensions ['ignore', 'ignore_ament_install']
[0.343s] Level 1:colcon.colcon_core.package_identification:_identify(fbot_manipulator_msgs) by extension 'ignore'
[0.343s] Level 1:colcon.colcon_core.package_identification:_identify(fbot_manipulator_msgs) by extension 'ignore_ament_install'
[0.343s] Level 1:colcon.colcon_core.package_identification:_identify(fbot_manipulator_msgs) by extensions ['colcon_pkg']
[0.343s] Level 1:colcon.colcon_core.package_identification:_identify(fbot_manipulator_msgs) by extension 'colcon_pkg'
[0.343s] Level 1:colcon.colcon_core.package_identification:_identify(fbot_manipulator_msgs) by extensions ['colcon_meta']
[0.343s] Level 1:colcon.colcon_core.package_identification:_identify(fbot_manipulator_msgs) by extension 'colcon_meta'
[0.343s] Level 1:colcon.colcon_core.package_identification:_identify(fbot_manipulator_msgs) by extensions ['ros']
[0.343s] Level 1:colcon.colcon_core.package_identification:_identify(fbot_manipulator_msgs) by extension 'ros'
[0.344s] DEBUG:colcon.colcon_core.package_identification:Package 'fbot_manipulator_msgs' with type 'ros.ament_cmake' and name 'fbot_manipulator_msgs'
[0.344s] Level 1:colcon.colcon_core.package_identification:_identify(install) by extensions ['ignore', 'ignore_ament_install']
[0.344s] Level 1:colcon.colcon_core.package_identification:_identify(install) by extension 'ignore'
[0.344s] Level 1:colcon.colcon_core.package_identification:_identify(install) ignored
[0.344s] Level 1:colcon.colcon_core.package_identification:_identify(log) by extensions ['ignore', 'ignore_ament_install']
[0.344s] Level 1:colcon.colcon_core.package_identification:_identify(log) by extension 'ignore'
[0.344s] Level 1:colcon.colcon_core.package_identification:_identify(log) ignored
[0.344s] Level 1:colcon.colcon_core.package_discovery:discover_packages(recursive) using defaults
[0.345s] Level 1:colcon.colcon_core.package_discovery:discover_packages(ignore) discover
[0.345s] Level 1:colcon.colcon_core.package_discovery:discover_packages(ignore) using defaults
[0.345s] Level 1:colcon.colcon_core.package_discovery:discover_packages(path) discover
[0.345s] Level 1:colcon.colcon_core.package_discovery:discover_packages(path) using defaults
[0.367s] INFO:colcon.colcon_core.package_selection:Skipping not selected package 'fbot_manipulator_msgs' in 'fbot_manipulator_msgs'
[0.367s] Level 1:colcon.colcon_core.package_discovery:discover_packages(prefix_path) check parameters
[0.367s] Level 1:colcon.colcon_core.package_discovery:discover_packages(prefix_path) discover
[0.371s] DEBUG:colcon.colcon_installed_package_information.package_discovery:Found 55 installed packages in /home/lilsm/arm_test_ws/install
[0.373s] DEBUG:colcon.colcon_installed_package_information.package_discovery:Found 449 installed packages in /opt/ros/humble
[0.375s] Level 1:colcon.colcon_core.package_discovery:discover_packages(prefix_path) using defaults
[0.427s] Level 5:colcon.colcon_core.verb:set package 'fbot_manipulator' build argument 'cmake_args' from command line to 'None'
[0.427s] Level 5:colcon.colcon_core.verb:set package 'fbot_manipulator' build argument 'cmake_target' from command line to 'None'
[0.427s] Level 5:colcon.colcon_core.verb:set package 'fbot_manipulator' build argument 'cmake_target_skip_unavailable' from command line to 'False'
[0.427s] Level 5:colcon.colcon_core.verb:set package 'fbot_manipulator' build argument 'cmake_clean_cache' from command line to 'False'
[0.427s] Level 5:colcon.colcon_core.verb:set package 'fbot_manipulator' build argument 'cmake_clean_first' from command line to 'False'
[0.427s] Level 5:colcon.colcon_core.verb:set package 'fbot_manipulator' build argument 'cmake_force_configure' from command line to 'False'
[0.427s] Level 5:colcon.colcon_core.verb:set package 'fbot_manipulator' build argument 'ament_cmake_args' from command line to 'None'
[0.427s] Level 5:colcon.colcon_core.verb:set package 'fbot_manipulator' build argument 'catkin_cmake_args' from command line to 'None'
[0.427s] Level 5:colcon.colcon_core.verb:set package 'fbot_manipulator' build argument 'catkin_skip_building_tests' from command line to 'False'
[0.428s] DEBUG:colcon.colcon_core.verb:Building package 'fbot_manipulator' with the following arguments: {'ament_cmake_args': None, 'build_base': '/home/lilsm/arm_test_ws/src/fbot_manipulator/build/fbot_manipulator', 'catkin_cmake_args': None, 'catkin_skip_building_tests': False, 'cmake_args': None, 'cmake_clean_cache': False, 'cmake_clean_first': False, 'cmake_force_configure': False, 'cmake_target': None, 'cmake_target_skip_unavailable': False, 'install_base': '/home/lilsm/arm_test_ws/src/fbot_manipulator/install/fbot_manipulator', 'merge_install': False, 'path': '/home/lilsm/arm_test_ws/src/fbot_manipulator/fbot_manipulator', 'symlink_install': False, 'test_result_base': None}
[0.428s] INFO:colcon.colcon_core.executor:Executing jobs using 'parallel' executor
[0.429s] DEBUG:colcon.colcon_parallel_executor.executor.parallel:run_until_complete
[0.429s] INFO:colcon.colcon_ros.task.ament_cmake.build:Building ROS package in '/home/lilsm/arm_test_ws/src/fbot_manipulator/fbot_manipulator' with build type 'ament_cmake'
[0.430s] INFO:colcon.colcon_cmake.task.cmake.build:Building CMake package in '/home/lilsm/arm_test_ws/src/fbot_manipulator/fbot_manipulator'
[0.432s] INFO:colcon.colcon_core.plugin_system:Skipping extension 'colcon_core.shell.bat': Not used on non-Windows systems
[0.432s] INFO:colcon.colcon_core.shell:Skip shell extension 'powershell' for command environment: Not usable outside of PowerShell
[0.432s] DEBUG:colcon.colcon_core.shell:Skip shell extension 'dsv' for command environment
[0.437s] WARNING:colcon.colcon_core.shell:The following packages are in the workspace but haven't been built:
- fbot_manipulator_msgs
They are being used from the following locations instead:
- /home/lilsm/arm_test_ws/install/fbot_manipulator_msgs
To suppress this warning ignore these packages in the workspace:
--packages-ignore fbot_manipulator_msgs
[0.444s] DEBUG:colcon.colcon_core.event_handler.log_command:Invoking command in '/home/lilsm/arm_test_ws/src/fbot_manipulator/build/fbot_manipulator': CMAKE_PREFIX_PATH=${CMAKE_PREFIX_PATH}:/home/lilsm/arm_test_ws/install/yasmin_cli:/home/lilsm/arm_test_ws/install/yasmin_plugins_manager:/home/lilsm/arm_test_ws/install/robot_sensors_publisher:/home/lilsm/arm_test_ws/install/motors_controller:/home/lilsm/arm_test_ws/install/micky_recognition:/home/lilsm/arm_test_ws/install/micky_behavior:/home/lilsm/arm_test_ws/install/interbotix_xs_modules:/home/lilsm/arm_test_ws/install/interbotix_common_modules:/opt/ros/humble /usr/bin/cmake /home/lilsm/arm_test_ws/src/fbot_manipulator/fbot_manipulator -DCMAKE_INSTALL_PREFIX=/home/lilsm/arm_test_ws/src/fbot_manipulator/install/fbot_manipulator
[7.156s] DEBUG:colcon.colcon_core.event_handler.log_command:Invoked command in '/home/lilsm/arm_test_ws/src/fbot_manipulator/build/fbot_manipulator' returned '0': CMAKE_PREFIX_PATH=${CMAKE_PREFIX_PATH}:/home/lilsm/arm_test_ws/install/yasmin_cli:/home/lilsm/arm_test_ws/install/yasmin_plugins_manager:/home/lilsm/arm_test_ws/install/robot_sensors_publisher:/home/lilsm/arm_test_ws/install/motors_controller:/home/lilsm/arm_test_ws/install/micky_recognition:/home/lilsm/arm_test_ws/install/micky_behavior:/home/lilsm/arm_test_ws/install/interbotix_xs_modules:/home/lilsm/arm_test_ws/install/interbotix_common_modules:/opt/ros/humble /usr/bin/cmake /home/lilsm/arm_test_ws/src/fbot_manipulator/fbot_manipulator -DCMAKE_INSTALL_PREFIX=/home/lilsm/arm_test_ws/src/fbot_manipulator/install/fbot_manipulator
[7.161s] DEBUG:colcon.colcon_core.event_handler.log_command:Invoking command in '/home/lilsm/arm_test_ws/src/fbot_manipulator/build/fbot_manipulator': CMAKE_PREFIX_PATH=${CMAKE_PREFIX_PATH}:/home/lilsm/arm_test_ws/install/yasmin_cli:/home/lilsm/arm_test_ws/install/yasmin_plugins_manager:/home/lilsm/arm_test_ws/install/robot_sensors_publisher:/home/lilsm/arm_test_ws/install/motors_controller:/home/lilsm/arm_test_ws/install/micky_recognition:/home/lilsm/arm_test_ws/install/micky_behavior:/home/lilsm/arm_test_ws/install/interbotix_xs_modules:/home/lilsm/arm_test_ws/install/interbotix_common_modules:/opt/ros/humble /usr/bin/cmake --build /home/lilsm/arm_test_ws/src/fbot_manipulator/build/fbot_manipulator -- -j20 -l20
[90.095s] DEBUG:colcon.colcon_core.event_handler.log_command:Invoked command in '/home/lilsm/arm_test_ws/src/fbot_manipulator/build/fbot_manipulator' returned '0': CMAKE_PREFIX_PATH=${CMAKE_PREFIX_PATH}:/home/lilsm/arm_test_ws/install/yasmin_cli:/home/lilsm/arm_test_ws/install/yasmin_plugins_manager:/home/lilsm/arm_test_ws/install/robot_sensors_publisher:/home/lilsm/arm_test_ws/install/motors_controller:/home/lilsm/arm_test_ws/install/micky_recognition:/home/lilsm/arm_test_ws/install/micky_behavior:/home/lilsm/arm_test_ws/install/interbotix_xs_modules:/home/lilsm/arm_test_ws/install/interbotix_common_modules:/opt/ros/humble /usr/bin/cmake --build /home/lilsm/arm_test_ws/src/fbot_manipulator/build/fbot_manipulator -- -j20 -l20
[90.122s] DEBUG:colcon.colcon_core.event_handler.log_command:Invoking command in '/home/lilsm/arm_test_ws/src/fbot_manipulator/build/fbot_manipulator': CMAKE_PREFIX_PATH=${CMAKE_PREFIX_PATH}:/home/lilsm/arm_test_ws/install/yasmin_cli:/home/lilsm/arm_test_ws/install/yasmin_plugins_manager:/home/lilsm/arm_test_ws/install/robot_sensors_publisher:/home/lilsm/arm_test_ws/install/motors_controller:/home/lilsm/arm_test_ws/install/micky_recognition:/home/lilsm/arm_test_ws/install/micky_behavior:/home/lilsm/arm_test_ws/install/interbotix_xs_modules:/home/lilsm/arm_test_ws/install/interbotix_common_modules:/opt/ros/humble /usr/bin/cmake --install /home/lilsm/arm_test_ws/src/fbot_manipulator/build/fbot_manipulator
[90.155s] Level 1:colcon.colcon_core.environment:create_environment_scripts_only(fbot_manipulator)
[90.160s] DEBUG:colcon.colcon_core.event_handler.log_command:Invoked command in '/home/lilsm/arm_test_ws/src/fbot_manipulator/build/fbot_manipulator' returned '0': CMAKE_PREFIX_PATH=${CMAKE_PREFIX_PATH}:/home/lilsm/arm_test_ws/install/yasmin_cli:/home/lilsm/arm_test_ws/install/yasmin_plugins_manager:/home/lilsm/arm_test_ws/install/robot_sensors_publisher:/home/lilsm/arm_test_ws/install/motors_controller:/home/lilsm/arm_test_ws/install/micky_recognition:/home/lilsm/arm_test_ws/install/micky_behavior:/home/lilsm/arm_test_ws/install/interbotix_xs_modules:/home/lilsm/arm_test_ws/install/interbotix_common_modules:/opt/ros/humble /usr/bin/cmake --install /home/lilsm/arm_test_ws/src/fbot_manipulator/build/fbot_manipulator
[90.175s] Level 1:colcon.colcon_core.environment:checking '/home/lilsm/arm_test_ws/src/fbot_manipulator/install/fbot_manipulator' for CMake module files
[90.175s] Level 1:colcon.colcon_core.environment:checking '/home/lilsm/arm_test_ws/src/fbot_manipulator/install/fbot_manipulator' for CMake config files
[90.176s] Level 1:colcon.colcon_core.shell:create_environment_hook('fbot_manipulator', 'cmake_prefix_path')
[90.176s] INFO:colcon.colcon_core.shell:Creating environment hook '/home/lilsm/arm_test_ws/src/fbot_manipulator/install/fbot_manipulator/share/fbot_manipulator/hook/cmake_prefix_path.ps1'
[90.181s] INFO:colcon.colcon_core.shell:Creating environment descriptor '/home/lilsm/arm_test_ws/src/fbot_manipulator/install/fbot_manipulator/share/fbot_manipulator/hook/cmake_prefix_path.dsv'
[90.182s] INFO:colcon.colcon_core.shell:Creating environment hook '/home/lilsm/arm_test_ws/src/fbot_manipulator/install/fbot_manipulator/share/fbot_manipulator/hook/cmake_prefix_path.sh'
[90.184s] Level 1:colcon.colcon_core.environment:checking '/home/lilsm/arm_test_ws/src/fbot_manipulator/install/fbot_manipulator/lib'
[90.184s] Level 1:colcon.colcon_core.environment:checking '/home/lilsm/arm_test_ws/src/fbot_manipulator/install/fbot_manipulator/bin'
[90.184s] Level 1:colcon.colcon_core.environment:checking '/home/lilsm/arm_test_ws/src/fbot_manipulator/install/fbot_manipulator/lib/pkgconfig/fbot_manipulator.pc'
[90.185s] Level 1:colcon.colcon_core.environment:checking '/home/lilsm/arm_test_ws/src/fbot_manipulator/install/fbot_manipulator/lib/python3.10/site-packages'
[90.185s] Level 1:colcon.colcon_core.environment:checking '/home/lilsm/arm_test_ws/src/fbot_manipulator/install/fbot_manipulator/bin'
[90.185s] INFO:colcon.colcon_core.shell:Creating package script '/home/lilsm/arm_test_ws/src/fbot_manipulator/install/fbot_manipulator/share/fbot_manipulator/package.ps1'
[90.186s] INFO:colcon.colcon_core.shell:Creating package descriptor '/home/lilsm/arm_test_ws/src/fbot_manipulator/install/fbot_manipulator/share/fbot_manipulator/package.dsv'
[90.187s] INFO:colcon.colcon_core.shell:Creating package script '/home/lilsm/arm_test_ws/src/fbot_manipulator/install/fbot_manipulator/share/fbot_manipulator/package.sh'
[90.188s] INFO:colcon.colcon_core.shell:Creating package script '/home/lilsm/arm_test_ws/src/fbot_manipulator/install/fbot_manipulator/share/fbot_manipulator/package.bash'
[90.189s] INFO:colcon.colcon_core.shell:Creating package script '/home/lilsm/arm_test_ws/src/fbot_manipulator/install/fbot_manipulator/share/fbot_manipulator/package.zsh'
[90.191s] Level 1:colcon.colcon_core.environment:create_file_with_runtime_dependencies(/home/lilsm/arm_test_ws/src/fbot_manipulator/install/fbot_manipulator/share/colcon-core/packages/fbot_manipulator)
[90.192s] Level 1:colcon.colcon_core.environment:create_environment_scripts_only(fbot_manipulator)
[90.192s] Level 1:colcon.colcon_core.environment:checking '/home/lilsm/arm_test_ws/src/fbot_manipulator/install/fbot_manipulator' for CMake module files
[90.192s] Level 1:colcon.colcon_core.environment:checking '/home/lilsm/arm_test_ws/src/fbot_manipulator/install/fbot_manipulator' for CMake config files
[90.192s] Level 1:colcon.colcon_core.shell:create_environment_hook('fbot_manipulator', 'cmake_prefix_path')
[90.192s] INFO:colcon.colcon_core.shell:Creating environment hook '/home/lilsm/arm_test_ws/src/fbot_manipulator/install/fbot_manipulator/share/fbot_manipulator/hook/cmake_prefix_path.ps1'
[90.193s] INFO:colcon.colcon_core.shell:Creating environment descriptor '/home/lilsm/arm_test_ws/src/fbot_manipulator/install/fbot_manipulator/share/fbot_manipulator/hook/cmake_prefix_path.dsv'
[90.193s] INFO:colcon.colcon_core.shell:Creating environment hook '/home/lilsm/arm_test_ws/src/fbot_manipulator/install/fbot_manipulator/share/fbot_manipulator/hook/cmake_prefix_path.sh'
[90.193s] Level 1:colcon.colcon_core.environment:checking '/home/lilsm/arm_test_ws/src/fbot_manipulator/install/fbot_manipulator/lib'
[90.193s] Level 1:colcon.colcon_core.environment:checking '/home/lilsm/arm_test_ws/src/fbot_manipulator/install/fbot_manipulator/bin'
[90.193s] Level 1:colcon.colcon_core.environment:checking '/home/lilsm/arm_test_ws/src/fbot_manipulator/install/fbot_manipulator/lib/pkgconfig/fbot_manipulator.pc'
[90.194s] Level 1:colcon.colcon_core.environment:checking '/home/lilsm/arm_test_ws/src/fbot_manipulator/install/fbot_manipulator/lib/python3.10/site-packages'
[90.194s] Level 1:colcon.colcon_core.environment:checking '/home/lilsm/arm_test_ws/src/fbot_manipulator/install/fbot_manipulator/bin'
[90.194s] INFO:colcon.colcon_core.shell:Creating package script '/home/lilsm/arm_test_ws/src/fbot_manipulator/install/fbot_manipulator/share/fbot_manipulator/package.ps1'
[90.194s] INFO:colcon.colcon_core.shell:Creating package descriptor '/home/lilsm/arm_test_ws/src/fbot_manipulator/install/fbot_manipulator/share/fbot_manipulator/package.dsv'
[90.195s] INFO:colcon.colcon_core.shell:Creating package script '/home/lilsm/arm_test_ws/src/fbot_manipulator/install/fbot_manipulator/share/fbot_manipulator/package.sh'
[90.195s] INFO:colcon.colcon_core.shell:Creating package script '/home/lilsm/arm_test_ws/src/fbot_manipulator/install/fbot_manipulator/share/fbot_manipulator/package.bash'
[90.195s] INFO:colcon.colcon_core.shell:Creating package script '/home/lilsm/arm_test_ws/src/fbot_manipulator/install/fbot_manipulator/share/fbot_manipulator/package.zsh'
[90.196s] Level 1:colcon.colcon_core.environment:create_file_with_runtime_dependencies(/home/lilsm/arm_test_ws/src/fbot_manipulator/install/fbot_manipulator/share/colcon-core/packages/fbot_manipulator)
[90.196s] DEBUG:colcon.colcon_parallel_executor.executor.parallel:closing loop
[90.197s] DEBUG:colcon.colcon_parallel_executor.executor.parallel:loop closed
[90.197s] DEBUG:colcon.colcon_parallel_executor.executor.parallel:run_until_complete finished with '0'
[90.197s] DEBUG:colcon.colcon_core.event_reactor:joining thread
[90.225s] INFO:colcon.colcon_core.plugin_system:Skipping extension 'colcon_notification.desktop_notification.notify_send': Could not find 'notify-send'
[90.225s] INFO:colcon.colcon_core.plugin_system:Skipping extension 'colcon_notification.desktop_notification.terminal_notifier': Not used on non-Darwin systems
[90.225s] INFO:colcon.colcon_core.plugin_system:Skipping extension 'colcon_notification.desktop_notification.win32': Not used on non-Windows systems
[90.225s] INFO:colcon.colcon_notification.desktop_notification:Sending desktop notification using 'notify2'
[90.277s] DEBUG:colcon.colcon_core.event_reactor:joined thread
[90.278s] INFO:colcon.colcon_core.shell:Creating prefix script '/home/lilsm/arm_test_ws/src/fbot_manipulator/install/local_setup.ps1'
[90.281s] INFO:colcon.colcon_core.shell:Creating prefix util module '/home/lilsm/arm_test_ws/src/fbot_manipulator/install/_local_setup_util_ps1.py'
[90.283s] INFO:colcon.colcon_core.shell:Creating prefix chain script '/home/lilsm/arm_test_ws/src/fbot_manipulator/install/setup.ps1'
[90.296s] INFO:colcon.colcon_core.shell:Creating prefix script '/home/lilsm/arm_test_ws/src/fbot_manipulator/install/local_setup.sh'
[90.297s] INFO:colcon.colcon_core.shell:Creating prefix util module '/home/lilsm/arm_test_ws/src/fbot_manipulator/install/_local_setup_util_sh.py'
[90.297s] INFO:colcon.colcon_core.shell:Creating prefix chain script '/home/lilsm/arm_test_ws/src/fbot_manipulator/install/setup.sh'
[90.299s] INFO:colcon.colcon_core.shell:Creating prefix script '/home/lilsm/arm_test_ws/src/fbot_manipulator/install/local_setup.bash'
[90.299s] INFO:colcon.colcon_core.shell:Creating prefix chain script '/home/lilsm/arm_test_ws/src/fbot_manipulator/install/setup.bash'
[90.301s] INFO:colcon.colcon_core.shell:Creating prefix script '/home/lilsm/arm_test_ws/src/fbot_manipulator/install/local_setup.zsh'
[90.301s] INFO:colcon.colcon_core.shell:Creating prefix chain script '/home/lilsm/arm_test_ws/src/fbot_manipulator/install/setup.zsh'
