[01m[K/home/lilsm/arm_test_ws/src/fbot_manipulator/fbot_manipulator/src/mtc/mtc_shared_logic.cpp:[m[K In static member function ‘[01m[Kstatic moveit::task_constructor::Stage* fbot_manipulator::MtcSharedLogic::addPickStages(moveit::task_constructor::Task&, const string&, const Pose&, moveit::task_constructor::Stage*, const fbot_manipulator::MtcConfig&, std::shared_ptr<moveit::task_constructor::solvers::PipelinePlanner>, std::shared_ptr<moveit::task_constructor::solvers::CartesianPath>, std::shared_ptr<moveit::task_constructor::solvers::JointInterpolationPlanner>, rclcpp::Logger)[m[K’:
[01m[K/home/lilsm/arm_test_ws/src/fbot_manipulator/fbot_manipulator/src/mtc/mtc_shared_logic.cpp:71:20:[m[K [01;35m[Kwarning: [m[Kunused parameter ‘[01m[Klogger[m[K’ [[01;35m[K]8;;https://gcc.gnu.org/onlinedocs/gcc/Warning-Options.html#index-Wunused-parameter-Wunused-parameter]8;;[m[K]
   71 |     [01;35m[Krclcpp::Logger logger[m[K)
      |     [01;35m[K~~~~~~~~~~~~~~~^~~~~~[m[K
[01m[K/home/lilsm/arm_test_ws/src/fbot_manipulator/fbot_manipulator/src/mtc/mtc_shared_logic.cpp:[m[K In static member function ‘[01m[Kstatic void fbot_manipulator::MtcSharedLogic::addPlaceStages(moveit::task_constructor::Task&, const string&, const Pose&, moveit::task_constructor::Stage*, const fbot_manipulator::MtcConfig&, std::shared_ptr<moveit::task_constructor::solvers::PipelinePlanner>, std::shared_ptr<moveit::task_constructor::solvers::CartesianPath>, std::shared_ptr<moveit::task_constructor::solvers::JointInterpolationPlanner>, rclcpp::Logger)[m[K’:
[01m[K/home/lilsm/arm_test_ws/src/fbot_manipulator/fbot_manipulator/src/mtc/mtc_shared_logic.cpp:262:20:[m[K [01;35m[Kwarning: [m[Kunused parameter ‘[01m[Klogger[m[K’ [[01;35m[K]8;;https://gcc.gnu.org/onlinedocs/gcc/Warning-Options.html#index-Wunused-parameter-Wunused-parameter]8;;[m[K]
  262 |     [01;35m[Krclcpp::Logger logger[m[K)
      |     [01;35m[K~~~~~~~~~~~~~~~^~~~~~[m[K
[01m[K/home/lilsm/arm_test_ws/src/fbot_manipulator/fbot_manipulator/src/mtc/mtc_unload_cargo_task.cpp:[m[K In lambda function:
[01m[K/home/lilsm/arm_test_ws/src/fbot_manipulator/fbot_manipulator/src/mtc/mtc_unload_cargo_task.cpp:14:55:[m[K [01;35m[Kwarning: [m[Kconverting to ‘[01m[Kgeometry_msgs::msg::Pose_<std::allocator<void> >[m[K’ from initializer list would use explicit constructor ‘[01m[Kgeometry_msgs::msg::Pose_<ContainerAllocator>::Pose_(rosidl_runtime_cpp::MessageInitialization) [with ContainerAllocator = std::allocator<void>][m[K’
   14 |         std::array<geometry_msgs::msg::Pose, 4> poses{[01;35m[K}[m[K;
      |                                                       [01;35m[K^[m[K
[01m[K/home/lilsm/arm_test_ws/src/fbot_manipulator/fbot_manipulator/src/mtc/mtc_unload_cargo_task.cpp:14:55:[m[K [01;36m[Knote: [m[Kin C++11 and above a default constructor can be explicit
[01m[K/home/lilsm/arm_test_ws/src/fbot_manipulator/fbot_manipulator/src/mtc/mtc_unload_cargo_task.cpp:14:55:[m[K [01;35m[Kwarning: [m[Kconverting to ‘[01m[Kgeometry_msgs::msg::Pose_<std::allocator<void> >[m[K’ from initializer list would use explicit constructor ‘[01m[Kgeometry_msgs::msg::Pose_<ContainerAllocator>::Pose_(rosidl_runtime_cpp::MessageInitialization) [with ContainerAllocator = std::allocator<void>][m[K’
[01m[K/home/lilsm/arm_test_ws/src/fbot_manipulator/fbot_manipulator/src/mtc/mtc_unload_cargo_task.cpp:14:55:[m[K [01;36m[Knote: [m[Kin C++11 and above a default constructor can be explicit
[01m[K/home/lilsm/arm_test_ws/src/fbot_manipulator/fbot_manipulator/src/mtc/mtc_unload_cargo_task.cpp:14:55:[m[K [01;35m[Kwarning: [m[Kconverting to ‘[01m[Kgeometry_msgs::msg::Pose_<std::allocator<void> >[m[K’ from initializer list would use explicit constructor ‘[01m[Kgeometry_msgs::msg::Pose_<ContainerAllocator>::Pose_(rosidl_runtime_cpp::MessageInitialization) [with ContainerAllocator = std::allocator<void>][m[K’
[01m[K/home/lilsm/arm_test_ws/src/fbot_manipulator/fbot_manipulator/src/mtc/mtc_unload_cargo_task.cpp:14:55:[m[K [01;36m[Knote: [m[Kin C++11 and above a default constructor can be explicit
[01m[K/home/lilsm/arm_test_ws/src/fbot_manipulator/fbot_manipulator/src/mtc/mtc_unload_cargo_task.cpp:14:55:[m[K [01;35m[Kwarning: [m[Kconverting to ‘[01m[Kgeometry_msgs::msg::Pose_<std::allocator<void> >[m[K’ from initializer list would use explicit constructor ‘[01m[Kgeometry_msgs::msg::Pose_<ContainerAllocator>::Pose_(rosidl_runtime_cpp::MessageInitialization) [with ContainerAllocator = std::allocator<void>][m[K’
[01m[K/home/lilsm/arm_test_ws/src/fbot_manipulator/fbot_manipulator/src/mtc/mtc_unload_cargo_task.cpp:14:55:[m[K [01;36m[Knote: [m[Kin C++11 and above a default constructor can be explicit
[01m[K/home/lilsm/arm_test_ws/src/fbot_manipulator/fbot_manipulator/src/mtc/mtc_load_cargo_task.cpp:[m[K In lambda function:
[01m[K/home/lilsm/arm_test_ws/src/fbot_manipulator/fbot_manipulator/src/mtc/mtc_load_cargo_task.cpp:12:55:[m[K [01;35m[Kwarning: [m[Kconverting to ‘[01m[Kgeometry_msgs::msg::Pose_<std::allocator<void> >[m[K’ from initializer list would use explicit constructor ‘[01m[Kgeometry_msgs::msg::Pose_<ContainerAllocator>::Pose_(rosidl_runtime_cpp::MessageInitialization) [with ContainerAllocator = std::allocator<void>][m[K’
   12 |         std::array<geometry_msgs::msg::Pose, 4> poses{[01;35m[K}[m[K;
      |                                                       [01;35m[K^[m[K
[01m[K/home/lilsm/arm_test_ws/src/fbot_manipulator/fbot_manipulator/src/mtc/mtc_load_cargo_task.cpp:12:55:[m[K [01;36m[Knote: [m[Kin C++11 and above a default constructor can be explicit
[01m[K/home/lilsm/arm_test_ws/src/fbot_manipulator/fbot_manipulator/src/mtc/mtc_load_cargo_task.cpp:12:55:[m[K [01;35m[Kwarning: [m[Kconverting to ‘[01m[Kgeometry_msgs::msg::Pose_<std::allocator<void> >[m[K’ from initializer list would use explicit constructor ‘[01m[Kgeometry_msgs::msg::Pose_<ContainerAllocator>::Pose_(rosidl_runtime_cpp::MessageInitialization) [with ContainerAllocator = std::allocator<void>][m[K’
[01m[K/home/lilsm/arm_test_ws/src/fbot_manipulator/fbot_manipulator/src/mtc/mtc_load_cargo_task.cpp:12:55:[m[K [01;36m[Knote: [m[Kin C++11 and above a default constructor can be explicit
[01m[K/home/lilsm/arm_test_ws/src/fbot_manipulator/fbot_manipulator/src/mtc/mtc_load_cargo_task.cpp:12:55:[m[K [01;35m[Kwarning: [m[Kconverting to ‘[01m[Kgeometry_msgs::msg::Pose_<std::allocator<void> >[m[K’ from initializer list would use explicit constructor ‘[01m[Kgeometry_msgs::msg::Pose_<ContainerAllocator>::Pose_(rosidl_runtime_cpp::MessageInitialization) [with ContainerAllocator = std::allocator<void>][m[K’
[01m[K/home/lilsm/arm_test_ws/src/fbot_manipulator/fbot_manipulator/src/mtc/mtc_load_cargo_task.cpp:12:55:[m[K [01;36m[Knote: [m[Kin C++11 and above a default constructor can be explicit
[01m[K/home/lilsm/arm_test_ws/src/fbot_manipulator/fbot_manipulator/src/mtc/mtc_load_cargo_task.cpp:12:55:[m[K [01;35m[Kwarning: [m[Kconverting to ‘[01m[Kgeometry_msgs::msg::Pose_<std::allocator<void> >[m[K’ from initializer list would use explicit constructor ‘[01m[Kgeometry_msgs::msg::Pose_<ContainerAllocator>::Pose_(rosidl_runtime_cpp::MessageInitialization) [with ContainerAllocator = std::allocator<void>][m[K’
[01m[K/home/lilsm/arm_test_ws/src/fbot_manipulator/fbot_manipulator/src/mtc/mtc_load_cargo_task.cpp:12:55:[m[K [01;36m[Knote: [m[Kin C++11 and above a default constructor can be explicit
