-- The C compiler identification is GNU 11.4.0
-- The CXX compiler identification is GNU 11.4.0
-- Detecting C compiler ABI info
-- Detecting C compiler ABI info - done
-- Check for working C compiler: /usr/bin/cc - skipped
-- Detecting C compile features
-- Detecting C compile features - done
-- Detecting CXX compiler ABI info
-- Detecting CXX compiler ABI info - done
-- Check for working CXX compiler: /usr/bin/c++ - skipped
-- Detecting CXX compile features
-- Detecting CXX compile features - done
-- Found ament_cmake: 1.3.14 (/opt/ros/humble/share/ament_cmake/cmake)
-- Found Python3: /usr/bin/python3 (found version "3.10.12") found components: Interpreter 
-- Found rclcpp: 16.0.19 (/opt/ros/humble/share/rclcpp/cmake)
-- Found rosidl_generator_c: 3.1.8 (/opt/ros/humble/share/rosidl_generator_c/cmake)
-- Found rosidl_adapter: 3.1.8 (/opt/ros/humble/share/rosidl_adapter/cmake)
-- Found rosidl_generator_cpp: 3.1.8 (/opt/ros/humble/share/rosidl_generator_cpp/cmake)
-- Using all available rosidl_typesupport_c: rosidl_typesupport_fastrtps_c;rosidl_typesupport_introspection_c
-- Using all available rosidl_typesupport_cpp: rosidl_typesupport_fastrtps_cpp;rosidl_typesupport_introspection_cpp
-- Found rmw_implementation_cmake: 6.1.2 (/opt/ros/humble/share/rmw_implementation_cmake/cmake)
-- Found rmw_fastrtps_cpp: 6.2.10 (/opt/ros/humble/share/rmw_fastrtps_cpp/cmake)
-- Found OpenSSL: /usr/lib/x86_64-linux-gnu/libcrypto.so (found version "3.0.2")  
-- Found FastRTPS: /opt/ros/humble/include  
-- Using RMW implementation 'rmw_fastrtps_cpp' as default
-- Looking for pthread.h
-- Looking for pthread.h - found
-- Performing Test CMAKE_HAVE_LIBC_PTHREAD
-- Performing Test CMAKE_HAVE_LIBC_PTHREAD - Success
-- Found Threads: TRUE  
-- Found control_msgs: 4.8.0 (/opt/ros/humble/share/control_msgs/cmake)
-- Found moveit: 2.5.9 (/opt/ros/humble/share/moveit/cmake)
-- Found moveit_ros_planning_interface: 2.5.9 (/opt/ros/humble/share/moveit_ros_planning_interface/cmake)
-- Found Boost: /usr/lib/x86_64-linux-gnu/cmake/Boost-1.74.0/BoostConfig.cmake (found version "1.74.0") found components: date_time filesystem program_options system thread 
-- Found Boost: /usr/lib/x86_64-linux-gnu/cmake/Boost-1.74.0/BoostConfig.cmake (found version "1.74.0") found components: chrono date_time filesystem iostreams program_options regex serialization system thread 
-- Found parameter_traits: 0.7.1 (/opt/ros/humble/share/parameter_traits/cmake)
-- Found rclcpp_lifecycle: 16.0.19 (/opt/ros/humble/share/rclcpp_lifecycle/cmake)
-- library: /usr/lib/x86_64-linux-gnu/libcurl.so
-- Found Eigen3: TRUE (found version "3.4.0") 
-- Ensuring Eigen3 include directory is part of orocos-kdl CMake target
-- Found Boost: /usr/lib/x86_64-linux-gnu/cmake/Boost-1.74.0/BoostConfig.cmake (found version "1.74.0") found components: system filesystem date_time program_options thread chrono 
-- Found Boost: /usr/lib/x86_64-linux-gnu/cmake/Boost-1.74.0/BoostConfig.cmake (found version "1.74.0") found components: thread system filesystem regex date_time program_options 
-- Found Boost: /usr/lib/x86_64-linux-gnu/cmake/Boost-1.74.0/BoostConfig.cmake (found version "1.74.0") found components: system filesystem date_time program_options thread 
-- Found moveit_task_constructor_core: 0.1.3 (/opt/ros/humble/share/moveit_task_constructor_core/cmake)
-- Found fbot_manipulator_msgs: 0.0.0 (/home/lilsm/arm_test_ws/install/fbot_manipulator_msgs/share/fbot_manipulator_msgs/cmake)
-- Configuring done
-- Generating done
-- Build files have been written to: /home/lilsm/arm_test_ws/src/fbot_manipulator/build/fbot_manipulator
[  6%] [32mBuilding CXX object CMakeFiles/manipulator_interface_node.dir/src/motion_primitives/motion_primitives_xarm.cpp.o[0m
[ 13%] [32mBuilding CXX object CMakeFiles/manipulator_interface_node.dir/src/motion_primitives/motion_primitives_base.cpp.o[0m
[ 26%] [32mBuilding CXX object CMakeFiles/manipulation_task_server.dir/src/manipulation_task_server.cpp.o[0m
[ 26%] [32mBuilding CXX object CMakeFiles/manipulator_interface_node.dir/src/manipulator_interface_node.cpp.o[0m
[ 33%] [32mBuilding CXX object CMakeFiles/manipulation_task_server.dir/src/mtc/mtc_task.cpp.o[0m
[ 40%] [32mBuilding CXX object CMakeFiles/manipulator_interface_node.dir/src/utils.cpp.o[0m
[ 46%] [32mBuilding CXX object CMakeFiles/manipulator_interface_node.dir/src/motion_primitives/motion_primitives_wx200.cpp.o[0m
[ 53%] [32mBuilding CXX object CMakeFiles/manipulation_task_server.dir/src/mtc/mtc_pick_task.cpp.o[0m
[ 60%] [32mBuilding CXX object CMakeFiles/manipulation_task_server.dir/src/mtc/mtc_place_task.cpp.o[0m
[ 66%] [32mBuilding CXX object CMakeFiles/manipulation_task_server.dir/src/mtc/mtc_pick_and_place_task.cpp.o[0m
[ 73%] [32mBuilding CXX object CMakeFiles/manipulation_task_server.dir/src/mtc/mtc_load_cargo_task.cpp.o[0m
[ 80%] [32mBuilding CXX object CMakeFiles/manipulation_task_server.dir/src/mtc/mtc_unload_cargo_task.cpp.o[0m
[ 86%] [32mBuilding CXX object CMakeFiles/manipulation_task_server.dir/src/mtc/mtc_shared_logic.cpp.o[0m
[ 93%] [32m[1mLinking CXX executable manipulator_interface_node[0m
[ 93%] Built target manipulator_interface_node
[100%] [32m[1mLinking CXX executable manipulation_task_server[0m
[100%] Built target manipulation_task_server
-- Install configuration: ""
-- Installing: /home/lilsm/arm_test_ws/src/fbot_manipulator/install/fbot_manipulator/lib/fbot_manipulator/manipulator_interface_node
-- Set runtime path of "/home/lilsm/arm_test_ws/src/fbot_manipulator/install/fbot_manipulator/lib/fbot_manipulator/manipulator_interface_node" to ""
-- Installing: /home/lilsm/arm_test_ws/src/fbot_manipulator/install/fbot_manipulator/lib/fbot_manipulator/manipulation_task_server
-- Set runtime path of "/home/lilsm/arm_test_ws/src/fbot_manipulator/install/fbot_manipulator/lib/fbot_manipulator/manipulation_task_server" to ""
-- Installing: /home/lilsm/arm_test_ws/src/fbot_manipulator/install/fbot_manipulator/lib/fbot_manipulator/gripper_pwm_bridge
-- Installing: /home/lilsm/arm_test_ws/src/fbot_manipulator/install/fbot_manipulator/share/fbot_manipulator/launch
-- Installing: /home/lilsm/arm_test_ws/src/fbot_manipulator/install/fbot_manipulator/share/fbot_manipulator/launch/__pycache__
-- Installing: /home/lilsm/arm_test_ws/src/fbot_manipulator/install/fbot_manipulator/share/fbot_manipulator/launch/__pycache__/manipulator_interface_wx200.launch.cpython-313.pyc
-- Installing: /home/lilsm/arm_test_ws/src/fbot_manipulator/install/fbot_manipulator/share/fbot_manipulator/launch/manipulator_interface.launch.py
-- Installing: /home/lilsm/arm_test_ws/src/fbot_manipulator/install/fbot_manipulator/share/fbot_manipulator/launch/manipulator_interface_wx200.launch.py
-- Installing: /home/lilsm/arm_test_ws/src/fbot_manipulator/install/fbot_manipulator/share/fbot_manipulator/config
-- Installing: /home/lilsm/arm_test_ws/src/fbot_manipulator/install/fbot_manipulator/share/fbot_manipulator/config/xarm6
-- Installing: /home/lilsm/arm_test_ws/src/fbot_manipulator/install/fbot_manipulator/share/fbot_manipulator/config/xarm6/manipulator_config.yaml
-- Installing: /home/lilsm/arm_test_ws/src/fbot_manipulator/install/fbot_manipulator/share/fbot_manipulator/config/xarm6/mtc_config.yaml
-- Installing: /home/lilsm/arm_test_ws/src/fbot_manipulator/install/fbot_manipulator/share/fbot_manipulator/config/interbotix_arm
-- Installing: /home/lilsm/arm_test_ws/src/fbot_manipulator/install/fbot_manipulator/share/fbot_manipulator/config/interbotix_arm/manipulator_config.yaml
-- Installing: /home/lilsm/arm_test_ws/src/fbot_manipulator/install/fbot_manipulator/share/fbot_manipulator/config/interbotix_arm/mtc_config.yaml
-- Installing: /home/lilsm/arm_test_ws/src/fbot_manipulator/install/fbot_manipulator/share/ament_index/resource_index/package_run_dependencies/fbot_manipulator
-- Installing: /home/lilsm/arm_test_ws/src/fbot_manipulator/install/fbot_manipulator/share/ament_index/resource_index/parent_prefix_path/fbot_manipulator
-- Installing: /home/lilsm/arm_test_ws/src/fbot_manipulator/install/fbot_manipulator/share/fbot_manipulator/environment/ament_prefix_path.sh
-- Installing: /home/lilsm/arm_test_ws/src/fbot_manipulator/install/fbot_manipulator/share/fbot_manipulator/environment/ament_prefix_path.dsv
-- Installing: /home/lilsm/arm_test_ws/src/fbot_manipulator/install/fbot_manipulator/share/fbot_manipulator/environment/path.sh
-- Installing: /home/lilsm/arm_test_ws/src/fbot_manipulator/install/fbot_manipulator/share/fbot_manipulator/environment/path.dsv
-- Installing: /home/lilsm/arm_test_ws/src/fbot_manipulator/install/fbot_manipulator/share/fbot_manipulator/local_setup.bash
-- Installing: /home/lilsm/arm_test_ws/src/fbot_manipulator/install/fbot_manipulator/share/fbot_manipulator/local_setup.sh
-- Installing: /home/lilsm/arm_test_ws/src/fbot_manipulator/install/fbot_manipulator/share/fbot_manipulator/local_setup.zsh
-- Installing: /home/lilsm/arm_test_ws/src/fbot_manipulator/install/fbot_manipulator/share/fbot_manipulator/local_setup.dsv
-- Installing: /home/lilsm/arm_test_ws/src/fbot_manipulator/install/fbot_manipulator/share/fbot_manipulator/package.dsv
-- Installing: /home/lilsm/arm_test_ws/src/fbot_manipulator/install/fbot_manipulator/share/ament_index/resource_index/packages/fbot_manipulator
-- Installing: /home/lilsm/arm_test_ws/src/fbot_manipulator/install/fbot_manipulator/share/fbot_manipulator/cmake/fbot_manipulatorConfig.cmake
-- Installing: /home/lilsm/arm_test_ws/src/fbot_manipulator/install/fbot_manipulator/share/fbot_manipulator/cmake/fbot_manipulatorConfig-version.cmake
-- Installing: /home/lilsm/arm_test_ws/src/fbot_manipulator/install/fbot_manipulator/share/fbot_manipulator/package.xml
