[0.014s] Invoking command in '/home/lilsm/arm_test_ws/src/fbot_manipulator/build/fbot_manipulator': CMAKE_PREFIX_PATH=${CMAKE_PREFIX_PATH}:/home/lilsm/arm_test_ws/install/yasmin_cli:/home/lilsm/arm_test_ws/install/yasmin_plugins_manager:/home/lilsm/arm_test_ws/install/robot_sensors_publisher:/home/lilsm/arm_test_ws/install/motors_controller:/home/lilsm/arm_test_ws/install/micky_recognition:/home/lilsm/arm_test_ws/install/micky_behavior:/home/lilsm/arm_test_ws/install/interbotix_xs_modules:/home/lilsm/arm_test_ws/install/interbotix_common_modules:/opt/ros/humble /usr/bin/cmake /home/lilsm/arm_test_ws/src/fbot_manipulator/fbot_manipulator -DCMAKE_INSTALL_PREFIX=/home/lilsm/arm_test_ws/src/fbot_manipulator/install/fbot_manipulator
[0.213s] -- The C compiler identification is GNU 11.4.0
[0.301s] -- The CXX compiler identification is GNU 11.4.0
[0.320s] -- Detecting C compiler ABI info
[0.477s] -- Detecting C compiler ABI info - done
[0.498s] -- Check for working C compiler: /usr/bin/cc - skipped
[0.504s] -- Detecting C compile features
[0.505s] -- Detecting C compile features - done
[0.509s] -- Detecting CXX compiler ABI info
[0.707s] -- Detecting CXX compiler ABI info - done
[0.723s] -- Check for working CXX compiler: /usr/bin/c++ - skipped
[0.724s] -- Detecting CXX compile features
[0.725s] -- Detecting CXX compile features - done
[0.751s] -- Found ament_cmake: 1.3.14 (/opt/ros/humble/share/ament_cmake/cmake)
[1.440s] -- Found Python3: /usr/bin/python3 (found version "3.10.12") found components: Interpreter 
[1.940s] -- Found rclcpp: 16.0.19 (/opt/ros/humble/share/rclcpp/cmake)
[2.141s] -- Found rosidl_generator_c: 3.1.8 (/opt/ros/humble/share/rosidl_generator_c/cmake)
[2.160s] -- Found rosidl_adapter: 3.1.8 (/opt/ros/humble/share/rosidl_adapter/cmake)
[2.184s] -- Found rosidl_generator_cpp: 3.1.8 (/opt/ros/humble/share/rosidl_generator_cpp/cmake)
[2.223s] -- Using all available rosidl_typesupport_c: rosidl_typesupport_fastrtps_c;rosidl_typesupport_introspection_c
[2.274s] -- Using all available rosidl_typesupport_cpp: rosidl_typesupport_fastrtps_cpp;rosidl_typesupport_introspection_cpp
[2.459s] -- Found rmw_implementation_cmake: 6.1.2 (/opt/ros/humble/share/rmw_implementation_cmake/cmake)
[2.479s] -- Found rmw_fastrtps_cpp: 6.2.10 (/opt/ros/humble/share/rmw_fastrtps_cpp/cmake)
[2.847s] -- Found OpenSSL: /usr/lib/x86_64-linux-gnu/libcrypto.so (found version "3.0.2")  
[2.943s] -- Found FastRTPS: /opt/ros/humble/include  
[3.144s] -- Using RMW implementation 'rmw_fastrtps_cpp' as default
[3.192s] -- Looking for pthread.h
[3.473s] -- Looking for pthread.h - found
[3.474s] -- Performing Test CMAKE_HAVE_LIBC_PTHREAD
[3.772s] -- Performing Test CMAKE_HAVE_LIBC_PTHREAD - Success
[3.776s] -- Found Threads: TRUE  
[3.909s] -- Found control_msgs: 4.8.0 (/opt/ros/humble/share/control_msgs/cmake)
[4.162s] -- Found moveit: 2.5.9 (/opt/ros/humble/share/moveit/cmake)
[4.169s] -- Found moveit_ros_planning_interface: 2.5.9 (/opt/ros/humble/share/moveit_ros_planning_interface/cmake)
[4.314s] -- Found Boost: /usr/lib/x86_64-linux-gnu/cmake/Boost-1.74.0/BoostConfig.cmake (found version "1.74.0") found components: date_time filesystem program_options system thread 
[4.631s] -- Found Boost: /usr/lib/x86_64-linux-gnu/cmake/Boost-1.74.0/BoostConfig.cmake (found version "1.74.0") found components: chrono date_time filesystem iostreams program_options regex serialization system thread 
[4.836s] -- Found parameter_traits: 0.7.1 (/opt/ros/humble/share/parameter_traits/cmake)
[4.884s] -- Found rclcpp_lifecycle: 16.0.19 (/opt/ros/humble/share/rclcpp_lifecycle/cmake)
[5.282s] -- library: /usr/lib/x86_64-linux-gnu/libcurl.so
[5.352s] -- Found Eigen3: TRUE (found version "3.4.0") 
[5.352s] -- Ensuring Eigen3 include directory is part of orocos-kdl CMake target
[5.830s] -- Found Boost: /usr/lib/x86_64-linux-gnu/cmake/Boost-1.74.0/BoostConfig.cmake (found version "1.74.0") found components: system filesystem date_time program_options thread chrono 
[5.894s] -- Found Boost: /usr/lib/x86_64-linux-gnu/cmake/Boost-1.74.0/BoostConfig.cmake (found version "1.74.0") found components: thread system filesystem regex date_time program_options 
[5.941s] -- Found Boost: /usr/lib/x86_64-linux-gnu/cmake/Boost-1.74.0/BoostConfig.cmake (found version "1.74.0") found components: system filesystem date_time program_options thread 
[6.009s] -- Found moveit_task_constructor_core: 0.1.3 (/opt/ros/humble/share/moveit_task_constructor_core/cmake)
[6.122s] -- Found fbot_manipulator_msgs: 0.0.0 (/home/lilsm/arm_test_ws/install/fbot_manipulator_msgs/share/fbot_manipulator_msgs/cmake)
[6.535s] -- Configuring done
[6.660s] -- Generating done
[6.694s] -- Build files have been written to: /home/lilsm/arm_test_ws/src/fbot_manipulator/build/fbot_manipulator
[6.726s] Invoked command in '/home/lilsm/arm_test_ws/src/fbot_manipulator/build/fbot_manipulator' returned '0': CMAKE_PREFIX_PATH=${CMAKE_PREFIX_PATH}:/home/lilsm/arm_test_ws/install/yasmin_cli:/home/lilsm/arm_test_ws/install/yasmin_plugins_manager:/home/lilsm/arm_test_ws/install/robot_sensors_publisher:/home/lilsm/arm_test_ws/install/motors_controller:/home/lilsm/arm_test_ws/install/micky_recognition:/home/lilsm/arm_test_ws/install/micky_behavior:/home/lilsm/arm_test_ws/install/interbotix_xs_modules:/home/lilsm/arm_test_ws/install/interbotix_common_modules:/opt/ros/humble /usr/bin/cmake /home/lilsm/arm_test_ws/src/fbot_manipulator/fbot_manipulator -DCMAKE_INSTALL_PREFIX=/home/lilsm/arm_test_ws/src/fbot_manipulator/install/fbot_manipulator
[6.731s] Invoking command in '/home/lilsm/arm_test_ws/src/fbot_manipulator/build/fbot_manipulator': CMAKE_PREFIX_PATH=${CMAKE_PREFIX_PATH}:/home/lilsm/arm_test_ws/install/yasmin_cli:/home/lilsm/arm_test_ws/install/yasmin_plugins_manager:/home/lilsm/arm_test_ws/install/robot_sensors_publisher:/home/lilsm/arm_test_ws/install/motors_controller:/home/lilsm/arm_test_ws/install/micky_recognition:/home/lilsm/arm_test_ws/install/micky_behavior:/home/lilsm/arm_test_ws/install/interbotix_xs_modules:/home/lilsm/arm_test_ws/install/interbotix_common_modules:/opt/ros/humble /usr/bin/cmake --build /home/lilsm/arm_test_ws/src/fbot_manipulator/build/fbot_manipulator -- -j20 -l20
[6.864s] [  6%] [32mBuilding CXX object CMakeFiles/manipulator_interface_node.dir/src/motion_primitives/motion_primitives_xarm.cpp.o[0m
[6.865s] [ 13%] [32mBuilding CXX object CMakeFiles/manipulator_interface_node.dir/src/motion_primitives/motion_primitives_base.cpp.o[0m
[6.865s] [ 26%] [32mBuilding CXX object CMakeFiles/manipulation_task_server.dir/src/manipulation_task_server.cpp.o[0m
[6.865s] [ 26%] [32mBuilding CXX object CMakeFiles/manipulator_interface_node.dir/src/manipulator_interface_node.cpp.o[0m
[6.866s] [ 33%] [32mBuilding CXX object CMakeFiles/manipulation_task_server.dir/src/mtc/mtc_task.cpp.o[0m
[6.866s] [ 40%] [32mBuilding CXX object CMakeFiles/manipulator_interface_node.dir/src/utils.cpp.o[0m
[6.866s] [ 46%] [32mBuilding CXX object CMakeFiles/manipulator_interface_node.dir/src/motion_primitives/motion_primitives_wx200.cpp.o[0m
[6.867s] [ 53%] [32mBuilding CXX object CMakeFiles/manipulation_task_server.dir/src/mtc/mtc_pick_task.cpp.o[0m
[6.867s] [ 60%] [32mBuilding CXX object CMakeFiles/manipulation_task_server.dir/src/mtc/mtc_place_task.cpp.o[0m
[6.869s] [ 66%] [32mBuilding CXX object CMakeFiles/manipulation_task_server.dir/src/mtc/mtc_pick_and_place_task.cpp.o[0m
[6.869s] [ 73%] [32mBuilding CXX object CMakeFiles/manipulation_task_server.dir/src/mtc/mtc_load_cargo_task.cpp.o[0m
[6.871s] [ 80%] [32mBuilding CXX object CMakeFiles/manipulation_task_server.dir/src/mtc/mtc_unload_cargo_task.cpp.o[0m
[6.872s] [ 86%] [32mBuilding CXX object CMakeFiles/manipulation_task_server.dir/src/mtc/mtc_shared_logic.cpp.o[0m
[41.217s] [01m[K/home/lilsm/arm_test_ws/src/fbot_manipulator/fbot_manipulator/src/mtc/mtc_shared_logic.cpp:[m[K In static member function ‘[01m[Kstatic moveit::task_constructor::Stage* fbot_manipulator::MtcSharedLogic::addPickStages(moveit::task_constructor::Task&, const string&, const Pose&, moveit::task_constructor::Stage*, const fbot_manipulator::MtcConfig&, std::shared_ptr<moveit::task_constructor::solvers::PipelinePlanner>, std::shared_ptr<moveit::task_constructor::solvers::CartesianPath>, std::shared_ptr<moveit::task_constructor::solvers::JointInterpolationPlanner>, rclcpp::Logger)[m[K’:
[41.229s] [01m[K/home/lilsm/arm_test_ws/src/fbot_manipulator/fbot_manipulator/src/mtc/mtc_shared_logic.cpp:71:20:[m[K [01;35m[Kwarning: [m[Kunused parameter ‘[01m[Klogger[m[K’ [[01;35m[K]8;;https://gcc.gnu.org/onlinedocs/gcc/Warning-Options.html#index-Wunused-parameter-Wunused-parameter]8;;[m[K]
[41.234s]    71 |     [01;35m[Krclcpp::Logger logger[m[K)
[41.238s]       |     [01;35m[K~~~~~~~~~~~~~~~^~~~~~[m[K
[41.290s] [01m[K/home/lilsm/arm_test_ws/src/fbot_manipulator/fbot_manipulator/src/mtc/mtc_shared_logic.cpp:[m[K In static member function ‘[01m[Kstatic void fbot_manipulator::MtcSharedLogic::addPlaceStages(moveit::task_constructor::Task&, const string&, const Pose&, moveit::task_constructor::Stage*, const fbot_manipulator::MtcConfig&, std::shared_ptr<moveit::task_constructor::solvers::PipelinePlanner>, std::shared_ptr<moveit::task_constructor::solvers::CartesianPath>, std::shared_ptr<moveit::task_constructor::solvers::JointInterpolationPlanner>, rclcpp::Logger)[m[K’:
[41.290s] [01m[K/home/lilsm/arm_test_ws/src/fbot_manipulator/fbot_manipulator/src/mtc/mtc_shared_logic.cpp:262:20:[m[K [01;35m[Kwarning: [m[Kunused parameter ‘[01m[Klogger[m[K’ [[01;35m[K]8;;https://gcc.gnu.org/onlinedocs/gcc/Warning-Options.html#index-Wunused-parameter-Wunused-parameter]8;;[m[K]
[41.291s]   262 |     [01;35m[Krclcpp::Logger logger[m[K)
[41.291s]       |     [01;35m[K~~~~~~~~~~~~~~~^~~~~~[m[K
[43.893s] [01m[K/home/lilsm/arm_test_ws/src/fbot_manipulator/fbot_manipulator/src/mtc/mtc_unload_cargo_task.cpp:[m[K In lambda function:
[43.894s] [01m[K/home/lilsm/arm_test_ws/src/fbot_manipulator/fbot_manipulator/src/mtc/mtc_unload_cargo_task.cpp:14:55:[m[K [01;35m[Kwarning: [m[Kconverting to ‘[01m[Kgeometry_msgs::msg::Pose_<std::allocator<void> >[m[K’ from initializer list would use explicit constructor ‘[01m[Kgeometry_msgs::msg::Pose_<ContainerAllocator>::Pose_(rosidl_runtime_cpp::MessageInitialization) [with ContainerAllocator = std::allocator<void>][m[K’
[43.894s]    14 |         std::array<geometry_msgs::msg::Pose, 4> poses{[01;35m[K}[m[K;
[43.894s]       |                                                       [01;35m[K^[m[K
[43.896s] [01m[K/home/lilsm/arm_test_ws/src/fbot_manipulator/fbot_manipulator/src/mtc/mtc_unload_cargo_task.cpp:14:55:[m[K [01;36m[Knote: [m[Kin C++11 and above a default constructor can be explicit
[43.897s] [01m[K/home/lilsm/arm_test_ws/src/fbot_manipulator/fbot_manipulator/src/mtc/mtc_unload_cargo_task.cpp:14:55:[m[K [01;35m[Kwarning: [m[Kconverting to ‘[01m[Kgeometry_msgs::msg::Pose_<std::allocator<void> >[m[K’ from initializer list would use explicit constructor ‘[01m[Kgeometry_msgs::msg::Pose_<ContainerAllocator>::Pose_(rosidl_runtime_cpp::MessageInitialization) [with ContainerAllocator = std::allocator<void>][m[K’
[43.901s] [01m[K/home/lilsm/arm_test_ws/src/fbot_manipulator/fbot_manipulator/src/mtc/mtc_unload_cargo_task.cpp:14:55:[m[K [01;36m[Knote: [m[Kin C++11 and above a default constructor can be explicit
[43.901s] [01m[K/home/lilsm/arm_test_ws/src/fbot_manipulator/fbot_manipulator/src/mtc/mtc_unload_cargo_task.cpp:14:55:[m[K [01;35m[Kwarning: [m[Kconverting to ‘[01m[Kgeometry_msgs::msg::Pose_<std::allocator<void> >[m[K’ from initializer list would use explicit constructor ‘[01m[Kgeometry_msgs::msg::Pose_<ContainerAllocator>::Pose_(rosidl_runtime_cpp::MessageInitialization) [with ContainerAllocator = std::allocator<void>][m[K’
[43.901s] [01m[K/home/lilsm/arm_test_ws/src/fbot_manipulator/fbot_manipulator/src/mtc/mtc_unload_cargo_task.cpp:14:55:[m[K [01;36m[Knote: [m[Kin C++11 and above a default constructor can be explicit
[43.902s] [01m[K/home/lilsm/arm_test_ws/src/fbot_manipulator/fbot_manipulator/src/mtc/mtc_unload_cargo_task.cpp:14:55:[m[K [01;35m[Kwarning: [m[Kconverting to ‘[01m[Kgeometry_msgs::msg::Pose_<std::allocator<void> >[m[K’ from initializer list would use explicit constructor ‘[01m[Kgeometry_msgs::msg::Pose_<ContainerAllocator>::Pose_(rosidl_runtime_cpp::MessageInitialization) [with ContainerAllocator = std::allocator<void>][m[K’
[43.902s] [01m[K/home/lilsm/arm_test_ws/src/fbot_manipulator/fbot_manipulator/src/mtc/mtc_unload_cargo_task.cpp:14:55:[m[K [01;36m[Knote: [m[Kin C++11 and above a default constructor can be explicit
[44.796s] [01m[K/home/lilsm/arm_test_ws/src/fbot_manipulator/fbot_manipulator/src/mtc/mtc_load_cargo_task.cpp:[m[K In lambda function:
[44.796s] [01m[K/home/lilsm/arm_test_ws/src/fbot_manipulator/fbot_manipulator/src/mtc/mtc_load_cargo_task.cpp:12:55:[m[K [01;35m[Kwarning: [m[Kconverting to ‘[01m[Kgeometry_msgs::msg::Pose_<std::allocator<void> >[m[K’ from initializer list would use explicit constructor ‘[01m[Kgeometry_msgs::msg::Pose_<ContainerAllocator>::Pose_(rosidl_runtime_cpp::MessageInitialization) [with ContainerAllocator = std::allocator<void>][m[K’
[44.797s]    12 |         std::array<geometry_msgs::msg::Pose, 4> poses{[01;35m[K}[m[K;
[44.798s]       |                                                       [01;35m[K^[m[K
[44.798s] [01m[K/home/lilsm/arm_test_ws/src/fbot_manipulator/fbot_manipulator/src/mtc/mtc_load_cargo_task.cpp:12:55:[m[K [01;36m[Knote: [m[Kin C++11 and above a default constructor can be explicit
[44.798s] [01m[K/home/lilsm/arm_test_ws/src/fbot_manipulator/fbot_manipulator/src/mtc/mtc_load_cargo_task.cpp:12:55:[m[K [01;35m[Kwarning: [m[Kconverting to ‘[01m[Kgeometry_msgs::msg::Pose_<std::allocator<void> >[m[K’ from initializer list would use explicit constructor ‘[01m[Kgeometry_msgs::msg::Pose_<ContainerAllocator>::Pose_(rosidl_runtime_cpp::MessageInitialization) [with ContainerAllocator = std::allocator<void>][m[K’
[44.805s] [01m[K/home/lilsm/arm_test_ws/src/fbot_manipulator/fbot_manipulator/src/mtc/mtc_load_cargo_task.cpp:12:55:[m[K [01;36m[Knote: [m[Kin C++11 and above a default constructor can be explicit
[44.805s] [01m[K/home/lilsm/arm_test_ws/src/fbot_manipulator/fbot_manipulator/src/mtc/mtc_load_cargo_task.cpp:12:55:[m[K [01;35m[Kwarning: [m[Kconverting to ‘[01m[Kgeometry_msgs::msg::Pose_<std::allocator<void> >[m[K’ from initializer list would use explicit constructor ‘[01m[Kgeometry_msgs::msg::Pose_<ContainerAllocator>::Pose_(rosidl_runtime_cpp::MessageInitialization) [with ContainerAllocator = std::allocator<void>][m[K’
[44.806s] [01m[K/home/lilsm/arm_test_ws/src/fbot_manipulator/fbot_manipulator/src/mtc/mtc_load_cargo_task.cpp:12:55:[m[K [01;36m[Knote: [m[Kin C++11 and above a default constructor can be explicit
[44.806s] [01m[K/home/lilsm/arm_test_ws/src/fbot_manipulator/fbot_manipulator/src/mtc/mtc_load_cargo_task.cpp:12:55:[m[K [01;35m[Kwarning: [m[Kconverting to ‘[01m[Kgeometry_msgs::msg::Pose_<std::allocator<void> >[m[K’ from initializer list would use explicit constructor ‘[01m[Kgeometry_msgs::msg::Pose_<ContainerAllocator>::Pose_(rosidl_runtime_cpp::MessageInitialization) [with ContainerAllocator = std::allocator<void>][m[K’
[44.806s] [01m[K/home/lilsm/arm_test_ws/src/fbot_manipulator/fbot_manipulator/src/mtc/mtc_load_cargo_task.cpp:12:55:[m[K [01;36m[Knote: [m[Kin C++11 and above a default constructor can be explicit
[78.991s] [ 93%] [32m[1mLinking CXX executable manipulator_interface_node[0m
[81.796s] [ 93%] Built target manipulator_interface_node
[86.764s] [100%] [32m[1mLinking CXX executable manipulation_task_server[0m
[89.616s] [100%] Built target manipulation_task_server
[89.664s] Invoked command in '/home/lilsm/arm_test_ws/src/fbot_manipulator/build/fbot_manipulator' returned '0': CMAKE_PREFIX_PATH=${CMAKE_PREFIX_PATH}:/home/lilsm/arm_test_ws/install/yasmin_cli:/home/lilsm/arm_test_ws/install/yasmin_plugins_manager:/home/lilsm/arm_test_ws/install/robot_sensors_publisher:/home/lilsm/arm_test_ws/install/motors_controller:/home/lilsm/arm_test_ws/install/micky_recognition:/home/lilsm/arm_test_ws/install/micky_behavior:/home/lilsm/arm_test_ws/install/interbotix_xs_modules:/home/lilsm/arm_test_ws/install/interbotix_common_modules:/opt/ros/humble /usr/bin/cmake --build /home/lilsm/arm_test_ws/src/fbot_manipulator/build/fbot_manipulator -- -j20 -l20
[89.692s] Invoking command in '/home/lilsm/arm_test_ws/src/fbot_manipulator/build/fbot_manipulator': CMAKE_PREFIX_PATH=${CMAKE_PREFIX_PATH}:/home/lilsm/arm_test_ws/install/yasmin_cli:/home/lilsm/arm_test_ws/install/yasmin_plugins_manager:/home/lilsm/arm_test_ws/install/robot_sensors_publisher:/home/lilsm/arm_test_ws/install/motors_controller:/home/lilsm/arm_test_ws/install/micky_recognition:/home/lilsm/arm_test_ws/install/micky_behavior:/home/lilsm/arm_test_ws/install/interbotix_xs_modules:/home/lilsm/arm_test_ws/install/interbotix_common_modules:/opt/ros/humble /usr/bin/cmake --install /home/lilsm/arm_test_ws/src/fbot_manipulator/build/fbot_manipulator
[89.709s] -- Install configuration: ""
[89.709s] -- Installing: /home/lilsm/arm_test_ws/src/fbot_manipulator/install/fbot_manipulator/lib/fbot_manipulator/manipulator_interface_node
[89.712s] -- Set runtime path of "/home/lilsm/arm_test_ws/src/fbot_manipulator/install/fbot_manipulator/lib/fbot_manipulator/manipulator_interface_node" to ""
[89.712s] -- Installing: /home/lilsm/arm_test_ws/src/fbot_manipulator/install/fbot_manipulator/lib/fbot_manipulator/manipulation_task_server
[89.714s] -- Set runtime path of "/home/lilsm/arm_test_ws/src/fbot_manipulator/install/fbot_manipulator/lib/fbot_manipulator/manipulation_task_server" to ""
[89.714s] -- Installing: /home/lilsm/arm_test_ws/src/fbot_manipulator/install/fbot_manipulator/lib/fbot_manipulator/gripper_pwm_bridge
[89.715s] -- Installing: /home/lilsm/arm_test_ws/src/fbot_manipulator/install/fbot_manipulator/share/fbot_manipulator/launch
[89.715s] -- Installing: /home/lilsm/arm_test_ws/src/fbot_manipulator/install/fbot_manipulator/share/fbot_manipulator/launch/__pycache__
[89.715s] -- Installing: /home/lilsm/arm_test_ws/src/fbot_manipulator/install/fbot_manipulator/share/fbot_manipulator/launch/__pycache__/manipulator_interface_wx200.launch.cpython-313.pyc
[89.716s] -- Installing: /home/lilsm/arm_test_ws/src/fbot_manipulator/install/fbot_manipulator/share/fbot_manipulator/launch/manipulator_interface.launch.py
[89.716s] -- Installing: /home/lilsm/arm_test_ws/src/fbot_manipulator/install/fbot_manipulator/share/fbot_manipulator/launch/manipulator_interface_wx200.launch.py
[89.717s] -- Installing: /home/lilsm/arm_test_ws/src/fbot_manipulator/install/fbot_manipulator/share/fbot_manipulator/config
[89.717s] -- Installing: /home/lilsm/arm_test_ws/src/fbot_manipulator/install/fbot_manipulator/share/fbot_manipulator/config/xarm6
[89.717s] -- Installing: /home/lilsm/arm_test_ws/src/fbot_manipulator/install/fbot_manipulator/share/fbot_manipulator/config/xarm6/manipulator_config.yaml
[89.718s] -- Installing: /home/lilsm/arm_test_ws/src/fbot_manipulator/install/fbot_manipulator/share/fbot_manipulator/config/xarm6/mtc_config.yaml
[89.718s] -- Installing: /home/lilsm/arm_test_ws/src/fbot_manipulator/install/fbot_manipulator/share/fbot_manipulator/config/interbotix_arm
[89.718s] -- Installing: /home/lilsm/arm_test_ws/src/fbot_manipulator/install/fbot_manipulator/share/fbot_manipulator/config/interbotix_arm/manipulator_config.yaml
[89.718s] -- Installing: /home/lilsm/arm_test_ws/src/fbot_manipulator/install/fbot_manipulator/share/fbot_manipulator/config/interbotix_arm/mtc_config.yaml
[89.719s] -- Installing: /home/lilsm/arm_test_ws/src/fbot_manipulator/install/fbot_manipulator/share/ament_index/resource_index/package_run_dependencies/fbot_manipulator
[89.719s] -- Installing: /home/lilsm/arm_test_ws/src/fbot_manipulator/install/fbot_manipulator/share/ament_index/resource_index/parent_prefix_path/fbot_manipulator
[89.719s] -- Installing: /home/lilsm/arm_test_ws/src/fbot_manipulator/install/fbot_manipulator/share/fbot_manipulator/environment/ament_prefix_path.sh
[89.719s] -- Installing: /home/lilsm/arm_test_ws/src/fbot_manipulator/install/fbot_manipulator/share/fbot_manipulator/environment/ament_prefix_path.dsv
[89.719s] -- Installing: /home/lilsm/arm_test_ws/src/fbot_manipulator/install/fbot_manipulator/share/fbot_manipulator/environment/path.sh
[89.720s] -- Installing: /home/lilsm/arm_test_ws/src/fbot_manipulator/install/fbot_manipulator/share/fbot_manipulator/environment/path.dsv
[89.720s] -- Installing: /home/lilsm/arm_test_ws/src/fbot_manipulator/install/fbot_manipulator/share/fbot_manipulator/local_setup.bash
[89.720s] -- Installing: /home/lilsm/arm_test_ws/src/fbot_manipulator/install/fbot_manipulator/share/fbot_manipulator/local_setup.sh
[89.720s] -- Installing: /home/lilsm/arm_test_ws/src/fbot_manipulator/install/fbot_manipulator/share/fbot_manipulator/local_setup.zsh
[89.720s] -- Installing: /home/lilsm/arm_test_ws/src/fbot_manipulator/install/fbot_manipulator/share/fbot_manipulator/local_setup.dsv
[89.720s] -- Installing: /home/lilsm/arm_test_ws/src/fbot_manipulator/install/fbot_manipulator/share/fbot_manipulator/package.dsv
[89.720s] -- Installing: /home/lilsm/arm_test_ws/src/fbot_manipulator/install/fbot_manipulator/share/ament_index/resource_index/packages/fbot_manipulator
[89.721s] -- Installing: /home/lilsm/arm_test_ws/src/fbot_manipulator/install/fbot_manipulator/share/fbot_manipulator/cmake/fbot_manipulatorConfig.cmake
[89.721s] -- Installing: /home/lilsm/arm_test_ws/src/fbot_manipulator/install/fbot_manipulator/share/fbot_manipulator/cmake/fbot_manipulatorConfig-version.cmake
[89.721s] -- Installing: /home/lilsm/arm_test_ws/src/fbot_manipulator/install/fbot_manipulator/share/fbot_manipulator/package.xml
[89.730s] Invoked command in '/home/lilsm/arm_test_ws/src/fbot_manipulator/build/fbot_manipulator' returned '0': CMAKE_PREFIX_PATH=${CMAKE_PREFIX_PATH}:/home/lilsm/arm_test_ws/install/yasmin_cli:/home/lilsm/arm_test_ws/install/yasmin_plugins_manager:/home/lilsm/arm_test_ws/install/robot_sensors_publisher:/home/lilsm/arm_test_ws/install/motors_controller:/home/lilsm/arm_test_ws/install/micky_recognition:/home/lilsm/arm_test_ws/install/micky_behavior:/home/lilsm/arm_test_ws/install/interbotix_xs_modules:/home/lilsm/arm_test_ws/install/interbotix_common_modules:/opt/ros/humble /usr/bin/cmake --install /home/lilsm/arm_test_ws/src/fbot_manipulator/build/fbot_manipulator
